token	lemma	pos	ner	page
<quality value="0" />
<token count="0" />
<book identifier="empty" />
